
Allocating common symbols
Common symbol       size              file

location            0x12c             1c102_Interrupt.o
hrAvg               0x4               Max30102_Work.o
manle               0x1               Max30102_Work.o
j                   0x4               Max30102_Work.o
x                   0x4               Max30102_Work.o
dispbuf             0x32              message.o
f_temp              0x4               Max30102_Work.o
spo2Avg_arg1        0x78              Max30102_Work.o
temp2               0x2               1c102_main.o
res2                0x2               1c102_main.o
str4                0x1f4             Max30102_Work.o
GY                  0x2               1c102_main.o
res1                0x2               1c102_main.o
uart_rec            0xa               init.o
str3                0x32              Max30102_Work.o
AY                  0x2               1c102_main.o
hrAvg_arg1          0x78              Max30102_Work.o
k                   0x4               Max30102_Work.o
spo2_buf            0x40              Max30102_Work.o
nmi_caller          0x4               1c102_cmdline.o
temp                0x4               Max30102_Work.o
aun_ir_buffer       0x258             Max30102_Work.o
un_brightness       0x4               Max30102_Work.o
fallflag            0x4               Fall_check.o
hrSum               0x4               Max30102_Work.o
n_spo2              0x4               Max30102_Work.o
exti_irq_handle     0x80              1c102_Interrupt.o
hr_buf              0x40              Max30102_Work.o
GZ                  0x2               1c102_main.o
temp1               0x2               1c102_main.o
aun_red_buffer      0x258             Max30102_Work.o
i                   0x4               Max30102_Work.o
n_heart_rate        0x4               Max30102_Work.o
spo2BuffFilled      0x4               Max30102_Work.o
STS                 0x1               ls1c102_i2c.o
hrBuffFilled        0x4               Max30102_Work.o
str1                0x32              Max30102_Work.o
spo2Sum             0x4               Max30102_Work.o
data                0x1               Max30102_Work.o
AZ                  0x2               1c102_main.o
UART_RX_BUF         0xc8              1c102_Interrupt.o
ch_spo2_valid       0x1               Max30102_Work.o
y                   0x4               Max30102_Work.o
un_prev_data        0x4               Max30102_Work.o
flag33              0x1               key.o
uart_rec_len        0x1               init.o
GX                  0x2               1c102_main.o
_rand_next          0x4               ls1x_printf.o
ch_hr_valid         0x1               Max30102_Work.o
Flash_pe            0x1               ls1x_flash.o
uch_dummy           0x1               Max30102_Work.o
str2                0x32              Max30102_Work.o
m                   0x1               1c102_Interrupt.o
AX                  0x2               1c102_main.o
spo2Avg             0x4               Max30102_Work.o

Discarded input sections

 .text          0x0000000000000000       0x14 start.o
 .data          0x0000000000000000        0x0 start.o
 .bss           0x0000000000000000        0x0 start.o
 .data          0x0000000000000000        0x0 serial.o
 .bss           0x0000000000000000        0x0 serial.o
 .data          0x0000000000000000        0x0 wakeup.o
 .bss           0x0000000000000000        0x0 wakeup.o
 .text          0x0000000000000000        0x0 UserGpio.o
 .data          0x0000000000000000        0x0 UserGpio.o
 .bss           0x0000000000000000        0x0 UserGpio.o
 .eh_frame      0x0000000000000000       0x3c UserGpio.o
 .text          0x0000000000000000        0x0 init.o
 .data          0x0000000000000000        0x0 init.o
 .bss           0x0000000000000000        0x0 init.o
 .eh_frame      0x0000000000000000       0x3c init.o
 COMMON         0x0000000000000000        0xb init.o
 .text          0x0000000000000000        0x0 ls1x_gpio.o
 .data          0x0000000000000000        0x0 ls1x_gpio.o
 .bss           0x0000000000000000        0x0 ls1x_gpio.o
 .text.GPIO_Init
                0x0000000000000000       0x68 ls1x_gpio.o
 .text.gpio_set_InputStatus
                0x0000000000000000      0x128 ls1x_gpio.o
 .eh_frame      0x0000000000000000      0x110 ls1x_gpio.o
 .text          0x0000000000000000        0x0 ls1x_spi.o
 .data          0x0000000000000000        0x0 ls1x_spi.o
 .bss           0x0000000000000000        0x0 ls1x_spi.o
 .rodata        0x0000000000000000       0x42 ls1x_spi.o
 .text.Spi_FreqDiv
                0x0000000000000000      0x140 ls1x_spi.o
 .text.Spi_Init
                0x0000000000000000       0x70 ls1x_spi.o
 .text.Spi_Write_Read_1to4
                0x0000000000000000       0xf0 ls1x_spi.o
 .text.Spi_Write_Read_N
                0x0000000000000000      0x124 ls1x_spi.o
 .text.Spi_Cs_Down
                0x0000000000000000       0x58 ls1x_spi.o
 .text.Spi_Cs_Up
                0x0000000000000000       0x54 ls1x_spi.o
 .text.Spi_Send
                0x0000000000000000       0x40 ls1x_spi.o
 .text.Spiflash_Rdsr
                0x0000000000000000       0x4c ls1x_spi.o
 .text.Spiflash_Wait_Wip_Zero
                0x0000000000000000       0x38 ls1x_spi.o
 .text.Spiflash_Wren
                0x0000000000000000       0x4c ls1x_spi.o
 .text.Spiflash_Wrsr
                0x0000000000000000       0x5c ls1x_spi.o
 .text.Spiflash_Rdsr2
                0x0000000000000000       0x4c ls1x_spi.o
 .text.Spiflash_Rdsr3
                0x0000000000000000       0x4c ls1x_spi.o
 .text.Spiflash_Rdid
                0x0000000000000000       0x68 ls1x_spi.o
 .text.Spiflash_Sector_Erase
                0x0000000000000000       0x90 ls1x_spi.o
 .text.Spiflash_Block64k_Erase
                0x0000000000000000       0x90 ls1x_spi.o
 .text.Spiflash_Page_Program
                0x0000000000000000       0xa4 ls1x_spi.o
 .text.Spiflash_Read_Bytes
                0x0000000000000000       0x9c ls1x_spi.o
 .text.SPI_TransByte
                0x0000000000000000       0xe8 ls1x_spi.o
 .text.SpiFlashCsn0Enable
                0x0000000000000000       0x28 ls1x_spi.o
 .text.SpiFlashCsn0Disable
                0x0000000000000000       0x28 ls1x_spi.o
 .comment       0x0000000000000000       0x12 ls1x_spi.o
 .eh_frame      0x0000000000000000      0x320 ls1x_spi.o
 .text          0x0000000000000000        0x0 ls1x_printf.o
 .data          0x0000000000000000        0x0 ls1x_printf.o
 .bss           0x0000000000000000        0x0 ls1x_printf.o
 .rodata        0x0000000000000000        0x7 ls1x_printf.o
 .text.printBuf
                0x0000000000000000       0x78 ls1x_printf.o
 .text.myputchar2
                0x0000000000000000       0x84 ls1x_printf.o
 .text.mygetchar
                0x0000000000000000       0x38 ls1x_printf.o
 .text.printbase2
                0x0000000000000000      0x178 ls1x_printf.o
 .text.puts2    0x0000000000000000       0x88 ls1x_printf.o
 .text.myprintf2
                0x0000000000000000      0x414 ls1x_printf.o
 .rodata.myprintf2
                0x0000000000000000      0x150 ls1x_printf.o
 .text.rand     0x0000000000000000       0x5c ls1x_printf.o
 .eh_frame      0x0000000000000000      0x27c ls1x_printf.o
 COMMON         0x0000000000000000        0x4 ls1x_printf.o
 .text          0x0000000000000000        0x0 ls1x_uart.o
 .data          0x0000000000000000        0x0 ls1x_uart.o
 .bss           0x0000000000000000        0x0 ls1x_uart.o
 .text.Uart_init
                0x0000000000000000       0xa4 ls1x_uart.o
 .text.UART_SendDataALL
                0x0000000000000000       0x78 ls1x_uart.o
 .text.UART_GetFlagStatus
                0x0000000000000000       0x64 ls1x_uart.o
 .text.UART_GetITStatus
                0x0000000000000000       0x60 ls1x_uart.o
 .text.UART_ClearITPendingBit
                0x0000000000000000       0xa4 ls1x_uart.o
 .text.x_getchar
                0x0000000000000000       0x2c ls1x_uart.o
 .text.UartInit
                0x0000000000000000       0x6c ls1x_uart.o
 .text.Uart1_init_test
                0x0000000000000000       0x80 ls1x_uart.o
 .text.Uart0_send
                0x0000000000000000       0x3c ls1x_uart.o
 .text.Uart1_send
                0x0000000000000000       0x3c ls1x_uart.o
 .text.Uart2_send
                0x0000000000000000       0x3c ls1x_uart.o
 .text.UART_Send16BitData
                0x0000000000000000       0x80 ls1x_uart.o
 .eh_frame      0x0000000000000000      0x314 ls1x_uart.o
 .text          0x0000000000000000        0x0 ls1x_clock.o
 .data          0x0000000000000000        0x0 ls1x_clock.o
 .bss           0x0000000000000000        0x0 ls1x_clock.o
 .text.CLOCK_checkSelect
                0x0000000000000000       0xc0 ls1x_clock.o
 .text.CLOCK_GetFlagStatus
                0x0000000000000000       0x3c ls1x_clock.o
 .text.CLOCK_GetClocksFreq
                0x0000000000000000       0x6c ls1x_clock.o
 .eh_frame      0x0000000000000000      0x18c ls1x_clock.o
 .text          0x0000000000000000        0x0 ls1x_common.o
 .data          0x0000000000000000        0x0 ls1x_common.o
 .bss           0x0000000000000000        0x0 ls1x_common.o
 .text.IsGlobalIntOpen
                0x0000000000000000       0x38 ls1x_common.o
 .text.DisableExtInt
                0x0000000000000000       0x40 ls1x_common.o
 .text.EnableExtInt
                0x0000000000000000       0x3c ls1x_common.o
 .text.Set_soft_int
                0x0000000000000000       0x24 ls1x_common.o
 .text.Set_soft_stop
                0x0000000000000000       0x24 ls1x_common.o
 .text.Set_Timer_Init
                0x0000000000000000       0x30 ls1x_common.o
 .text.Wake_256sec_Set
                0x0000000000000000       0xa8 ls1x_common.o
 .eh_frame      0x0000000000000000      0x19c ls1x_common.o
 .text          0x0000000000000000        0x0 ls1x_pmu.o
 .data          0x0000000000000000        0x0 ls1x_pmu.o
 .bss           0x0000000000000000        0x0 ls1x_pmu.o
 .eh_frame      0x0000000000000000       0x58 ls1x_pmu.o
 .text          0x0000000000000000        0x0 ls1x_logo.o
 .data          0x0000000000000000        0x0 ls1x_logo.o
 .bss           0x0000000000000000        0x0 ls1x_logo.o
 .eh_frame      0x0000000000000000       0x3c ls1x_logo.o
 .text          0x0000000000000000        0x0 ls1x_latimer.o
 .data          0x0000000000000000        0x0 ls1x_latimer.o
 .bss           0x0000000000000000        0x0 ls1x_latimer.o
 .text.close_count
                0x0000000000000000       0x24 ls1x_latimer.o
 .text.SetTime  0x0000000000000000       0x54 ls1x_latimer.o
 .text.CompareTime
                0x0000000000000000       0x50 ls1x_latimer.o
 .eh_frame      0x0000000000000000      0x19c ls1x_latimer.o
 .text          0x0000000000000000        0x0 ls1x_string.o
 .data          0x0000000000000000        0x0 ls1x_string.o
 .bss           0x0000000000000000        0x0 ls1x_string.o
 .text.memcmp   0x0000000000000000       0x88 ls1x_string.o
 .text.memcpy   0x0000000000000000       0x70 ls1x_string.o
 .text.strstr   0x0000000000000000       0xe0 ls1x_string.o
 .text.pstrstr  0x0000000000000000       0xc8 ls1x_string.o
 .text.strchr   0x0000000000000000       0x80 ls1x_string.o
 .text.atoi     0x0000000000000000       0xe4 ls1x_string.o
 .text.itoa     0x0000000000000000      0x17c ls1x_string.o
 .text.strcat   0x0000000000000000       0xa0 ls1x_string.o
 .text.strcmp   0x0000000000000000       0x84 ls1x_string.o
 .text.isContained
                0x0000000000000000       0x78 ls1x_string.o
 .text.strtok_r
                0x0000000000000000      0x1d4 ls1x_string.o
 .text.str_to_hex
                0x0000000000000000       0xf4 ls1x_string.o
 .text.atohex   0x0000000000000000      0x164 ls1x_string.o
 .eh_frame      0x0000000000000000      0x258 ls1x_string.o
 .text          0x0000000000000000        0x0 ls1x_flash.o
 .data          0x0000000000000000        0x0 ls1x_flash.o
 .bss           0x0000000000000000        0x0 ls1x_flash.o
 .text.FLASH_ErasePage
                0x0000000000000000       0x50 ls1x_flash.o
 .text.FLASH_EraseUserFlash
                0x0000000000000000       0x9c ls1x_flash.o
 .text.FLASH_ReadPage
                0x0000000000000000       0xa4 ls1x_flash.o
 .text.FLASH_WitePage
                0x0000000000000000      0x48c ls1x_flash.o
 .text.ls1c_flash_write2
                0x0000000000000000      0x17c ls1x_flash.o
 .text.ls1c_flash_write_data
                0x0000000000000000      0x144 ls1x_flash.o
 .text.FLASH_WaitForPeEnd
                0x0000000000000000       0x80 ls1x_flash.o
 .text.FLASH_GetStatus
                0x0000000000000000       0x34 ls1x_flash.o
 .text.FLASH_GetFlagStatus
                0x0000000000000000       0x4c ls1x_flash.o
 .text.FLASH_ITConfig
                0x0000000000000000       0x64 ls1x_flash.o
 .text.FLASH_ITCmd
                0x0000000000000000       0x68 ls1x_flash.o
 .text.FLASH_ClearIT
                0x0000000000000000       0x50 ls1x_flash.o
 .text.FLASH_WiteTest
                0x0000000000000000       0xa4 ls1x_flash.o
 .rodata        0x0000000000000000        0xa ls1x_flash.o
 .text.FLASH_ReadTest
                0x0000000000000000       0xc0 ls1x_flash.o
 .comment       0x0000000000000000       0x12 ls1x_flash.o
 .eh_frame      0x0000000000000000      0x21c ls1x_flash.o
 COMMON         0x0000000000000000        0x1 ls1x_flash.o
 .text          0x0000000000000000        0x0 ls1x_rtc.o
 .data          0x0000000000000000        0x0 ls1x_rtc.o
 .bss           0x0000000000000000        0x0 ls1x_rtc.o
 .text.Rtc_Read
                0x0000000000000000       0xec ls1x_rtc.o
 .text.Rtc_Write
                0x0000000000000000      0x16c ls1x_rtc.o
 .text.RtcUpdateData
                0x0000000000000000       0x4c ls1x_rtc.o
 .comment       0x0000000000000000       0x12 ls1x_rtc.o
 .eh_frame      0x0000000000000000       0x80 ls1x_rtc.o
 .text          0x0000000000000000        0x0 ls1x_exti.o
 .data          0x0000000000000000        0x0 ls1x_exti.o
 .bss           0x0000000000000000        0x0 ls1x_exti.o
 .text.EXTI_DeInit
                0x0000000000000000       0x40 ls1x_exti.o
 .text.EXTI_Init
                0x0000000000000000      0x188 ls1x_exti.o
 .text.EXTI_StructInit
                0x0000000000000000       0x44 ls1x_exti.o
 .text.EXTI_GetFlagStatus
                0x0000000000000000       0x50 ls1x_exti.o
 .text.EXTI_ClearFlag
                0x0000000000000000       0x3c ls1x_exti.o
 .text.EXTI_GetITStatus
                0x0000000000000000       0x70 ls1x_exti.o
 .eh_frame      0x0000000000000000       0xfc ls1x_exti.o
 .text          0x0000000000000000        0x0 ls1x_wdg.o
 .data          0x0000000000000000        0x0 ls1x_wdg.o
 .bss           0x0000000000000000        0x0 ls1x_wdg.o
 .eh_frame      0x0000000000000000       0xa4 ls1x_wdg.o
 .text          0x0000000000000000        0x0 ls1c102_i2c.o
 .data          0x0000000000000000        0x0 ls1c102_i2c.o
 .bss           0x0000000000000000        0x0 ls1c102_i2c.o
 .text.I2C_delay_my
                0x0000000000000000       0x3c ls1c102_i2c.o
 .text.I2C_Init
                0x0000000000000000      0x104 ls1c102_i2c.o
 .text.I2C_StructInit
                0x0000000000000000       0x5c ls1c102_i2c.o
 .text.I2C_ITConfig
                0x0000000000000000       0x6c ls1c102_i2c.o
 .text.I2C_ITCmd
                0x0000000000000000       0x90 ls1c102_i2c.o
 .text.I2C_GenerateSTART
                0x0000000000000000       0x7c ls1c102_i2c.o
 .text.I2C_GenerateSTOP
                0x0000000000000000       0x7c ls1c102_i2c.o
 .text.I2C_AcknowledgeConfig
                0x0000000000000000       0x6c ls1c102_i2c.o
 .text.I2C_SendData
                0x0000000000000000       0x50 ls1c102_i2c.o
 .text.I2C_ReceiveData
                0x0000000000000000       0x60 ls1c102_i2c.o
 .rodata        0x0000000000000000       0xaf ls1c102_i2c.o
 .text.I2C_Send7bitAddress
                0x0000000000000000       0xac ls1c102_i2c.o
 .text.I2C_ReadRegister
                0x0000000000000000       0x50 ls1c102_i2c.o
 .text.I2C_ClearFlag
                0x0000000000000000       0x48 ls1c102_i2c.o
 .text.I2C_GetStatus
                0x0000000000000000       0x5c ls1c102_i2c.o
 .text.I2C_ClearIT
                0x0000000000000000       0x50 ls1c102_i2c.o
 .text.I2C_wait
                0x0000000000000000       0x48 ls1c102_i2c.o
 .text.I2C_BUSY
                0x0000000000000000       0x48 ls1c102_i2c.o
 .text.I2C_Unlock
                0x0000000000000000       0x54 ls1c102_i2c.o
 .text.CAT24_Write
                0x0000000000000000      0x15c ls1c102_i2c.o
 .text.CAT24_Read
                0x0000000000000000      0x160 ls1c102_i2c.o
 .text.CAT24_Write_Int
                0x0000000000000000      0x140 ls1c102_i2c.o
 .text.CAT24_Read_Int
                0x0000000000000000      0x16c ls1c102_i2c.o
 .comment       0x0000000000000000       0x12 ls1c102_i2c.o
 .eh_frame      0x0000000000000000      0x338 ls1c102_i2c.o
 COMMON         0x0000000000000000        0x1 ls1c102_i2c.o
 .text          0x0000000000000000        0x0 ls1c102_vpwm.o
 .data          0x0000000000000000        0x0 ls1c102_vpwm.o
 .bss           0x0000000000000000        0x0 ls1c102_vpwm.o
 .comment       0x0000000000000000       0x12 ls1c102_vpwm.o
 .text          0x0000000000000000        0x0 ls1c102_adc.o
 .data          0x0000000000000000        0x0 ls1c102_adc.o
 .bss           0x0000000000000000        0x0 ls1c102_adc.o
 .text.Adc_powerOn
                0x0000000000000000       0x54 ls1c102_adc.o
 .text.Adc_powerOff
                0x0000000000000000       0x50 ls1c102_adc.o
 .text.Adc_open
                0x0000000000000000       0xb0 ls1c102_adc.o
 .text.Adc_close
                0x0000000000000000       0xe4 ls1c102_adc.o
 .text.Adc_openGroup
                0x0000000000000000       0xa0 ls1c102_adc.o
 .text.Adc_closeGroup
                0x0000000000000000       0xd4 ls1c102_adc.o
 .text.Adc_singleMeasure
                0x0000000000000000       0x90 ls1c102_adc.o
 .text.Adc_Measure
                0x0000000000000000       0xdc ls1c102_adc.o
 .text.Adc_getVoltage
                0x0000000000000000       0x68 ls1c102_adc.o
 .comment       0x0000000000000000       0x12 ls1c102_adc.o
 .eh_frame      0x0000000000000000      0x170 ls1c102_adc.o
 .text          0x0000000000000000        0x0 ls1c102_touch.o
 .data          0x0000000000000000        0x0 ls1c102_touch.o
 .bss           0x0000000000000000        0x0 ls1c102_touch.o
 .text.Touch_CountBaseInit
                0x0000000000000000       0x90 ls1c102_touch.o
 .text.Touch_PerformInit
                0x0000000000000000       0x88 ls1c102_touch.o
 .text.Touch_ControlConfig
                0x0000000000000000       0xc8 ls1c102_touch.o
 .text.TOUCH_Cmd
                0x0000000000000000       0x68 ls1c102_touch.o
 .text.TOUCH_EnablePollScan
                0x0000000000000000       0x30 ls1c102_touch.o
 .text.TOUCH_disablePollScan
                0x0000000000000000       0x34 ls1c102_touch.o
 .text.TOUCH_EnableSingleScan
                0x0000000000000000       0x30 ls1c102_touch.o
 .text.TOUCH_GetDownTh
                0x0000000000000000       0x48 ls1c102_touch.o
 .text.TOUCH_SetDownTh
                0x0000000000000000       0x7c ls1c102_touch.o
 .text.TOUCH_SetBaseVal
                0x0000000000000000       0x7c ls1c102_touch.o
 .text.TOUCH_SetChnAttr
                0x0000000000000000       0x7c ls1c102_touch.o
 .text.TOUCH_SetAllChnAttr
                0x0000000000000000       0x64 ls1c102_touch.o
 .text.TOUCH_SetAllChnAttr2
                0x0000000000000000       0x90 ls1c102_touch.o
 .text.TOUCH_Init
                0x0000000000000000       0xfc ls1c102_touch.o
 .eh_frame      0x0000000000000000      0x2bc ls1c102_touch.o
 .text          0x0000000000000000        0x0 ls1c102_ptimer.o
 .data          0x0000000000000000        0x0 ls1c102_ptimer.o
 .bss           0x0000000000000000        0x0 ls1c102_ptimer.o
 .text.TIM_StructClose
                0x0000000000000000       0x40 ls1c102_ptimer.o
 .text.timer_close
                0x0000000000000000       0x30 ls1c102_ptimer.o
 .text.TIM_Cmd  0x0000000000000000       0x54 ls1c102_ptimer.o
 .text.TIM_ITConfig
                0x0000000000000000       0x90 ls1c102_ptimer.o
 .text.TIM_GetCounter
                0x0000000000000000       0x34 ls1c102_ptimer.o
 .text.TIM_SetCounter
                0x0000000000000000       0x30 ls1c102_ptimer.o
 .text.TIM_SetCompare
                0x0000000000000000       0x30 ls1c102_ptimer.o
 .text.TIM_GetCompare
                0x0000000000000000       0x34 ls1c102_ptimer.o
 .eh_frame      0x0000000000000000      0x1d0 ls1c102_ptimer.o
 .text          0x0000000000000000        0x0 1c102_cmdline.o
 .data          0x0000000000000000        0x0 1c102_cmdline.o
 .bss           0x0000000000000000        0x0 1c102_cmdline.o
 .rodata        0x0000000000000000      0x3a8 1c102_cmdline.o
 .data.cmd      0x0000000000000000      0x1f0 1c102_cmdline.o
 .text.do_exit  0x0000000000000000       0x28 1c102_cmdline.o
 .text.do_help  0x0000000000000000      0x208 1c102_cmdline.o
 .text.cmdline  0x0000000000000000      0xdbc 1c102_cmdline.o
 .comment       0x0000000000000000       0x12 1c102_cmdline.o
 .eh_frame      0x0000000000000000       0x84 1c102_cmdline.o
 COMMON         0x0000000000000000        0x4 1c102_cmdline.o
 .text          0x0000000000000000        0x0 1c102_cmd.o
 .data          0x0000000000000000        0x0 1c102_cmd.o
 .bss           0x0000000000000000        0x0 1c102_cmd.o
 .text.do_nothing
                0x0000000000000000       0x20 1c102_cmd.o
 .rodata        0x0000000000000000      0x875 1c102_cmd.o
 .text.do_d1    0x0000000000000000      0x114 1c102_cmd.o
 .text.do_d4    0x0000000000000000      0x120 1c102_cmd.o
 .text.do_m1    0x0000000000000000       0x90 1c102_cmd.o
 .text.do_m4    0x0000000000000000       0x8c 1c102_cmd.o
 .text.str2num  0x0000000000000000      0x214 1c102_cmd.o
 .text.v_play   0x0000000000000000       0x68 1c102_cmd.o
 .text.touch_reg_show
                0x0000000000000000      0x100 1c102_cmd.o
 .text.touch_value_show
                0x0000000000000000       0xd4 1c102_cmd.o
 .text.touch_test
                0x0000000000000000      0x274 1c102_cmd.o
 .text.hpet     0x0000000000000000       0xcc 1c102_cmd.o
 .text.latimer  0x0000000000000000       0x94 1c102_cmd.o
 .text.delay    0x0000000000000000      0x104 1c102_cmd.o
 .text.wakeup   0x0000000000000000       0x90 1c102_cmd.o
 .text.a_to_n   0x0000000000000000       0x60 1c102_cmd.o
 .text.date     0x0000000000000000      0x48c 1c102_cmd.o
 .text.watch_dog
                0x0000000000000000       0x84 1c102_cmd.o
 .text.i2cp     0x0000000000000000       0x4c 1c102_cmd.o
 .text.i2cw     0x0000000000000000      0x10c 1c102_cmd.o
 .text.i2cr     0x0000000000000000       0xe0 1c102_cmd.o
 .text.adc      0x0000000000000000      0x1a4 1c102_cmd.o
 .text.readadc  0x0000000000000000       0xf4 1c102_cmd.o
 .text.batdet   0x0000000000000000      0x170 1c102_cmd.o
 .text.copy     0x0000000000000000      0x190 1c102_cmd.o
 .text.uart_init
                0x0000000000000000       0xac 1c102_cmd.o
 .text.sleep    0x0000000000000000       0xa4 1c102_cmd.o
 .text.spi_init
                0x0000000000000000       0x68 1c102_cmd.o
 .text.spi_write
                0x0000000000000000      0x134 1c102_cmd.o
 .text.spi_read
                0x0000000000000000      0x174 1c102_cmd.o
 .text.spi_erase
                0x0000000000000000       0x90 1c102_cmd.o
 .text.spi_flash
                0x0000000000000000      0x258 1c102_cmd.o
 .text.gpio_int_test
                0x0000000000000000       0x9c 1c102_cmd.o
 .text.gpio_int
                0x0000000000000000       0x34 1c102_cmd.o
 .text.tmp      0x0000000000000000       0x50 1c102_cmd.o
 .text.m4_flash
                0x0000000000000000       0xb4 1c102_cmd.o
 .text.copy_iram
                0x0000000000000000      0x138 1c102_cmd.o
 .comment       0x0000000000000000       0x12 1c102_cmd.o
 .eh_frame      0x0000000000000000      0x5a4 1c102_cmd.o
 .text          0x0000000000000000        0x0 1c102_Interrupt.o
 .data          0x0000000000000000        0x0 1c102_Interrupt.o
 .bss           0x0000000000000000        0x0 1c102_Interrupt.o
 .text.SOFT_INT
                0x0000000000000000       0x34 1c102_Interrupt.o
 .text.TIMER_8M_INT
                0x0000000000000000       0x48 1c102_Interrupt.o
 .text.INTC     0x0000000000000000       0x1c 1c102_Interrupt.o
 .text.RING     0x0000000000000000       0x1c 1c102_Interrupt.o
 .bss.sec       0x0000000000000000        0x1 1c102_Interrupt.o
 .data.state    0x0000000000000000        0x4 1c102_Interrupt.o
 .bss.data.2054
                0x0000000000000000        0x1 1c102_Interrupt.o
 .eh_frame      0x0000000000000000      0x624 1c102_Interrupt.o
 COMMON         0x0000000000000000      0x275 1c102_Interrupt.o
 .text          0x0000000000000000        0x0 iic.o
 .data          0x0000000000000000        0x0 iic.o
 .bss           0x0000000000000000        0x0 iic.o
 .text.IIC_Ack  0x0000000000000000       0x60 iic.o
 .text.IIC_NAck
                0x0000000000000000       0x60 iic.o
 .text.IIC_Read_Byte
                0x0000000000000000       0xb4 iic.o
 .eh_frame      0x0000000000000000      0x1bc iic.o
 .text          0x0000000000000000        0x0 location.o
 .data          0x0000000000000000        0x0 location.o
 .bss           0x0000000000000000        0x0 location.o
 .eh_frame      0x0000000000000000       0xac location.o
 .text          0x0000000000000000        0x0 oled.o
 .data          0x0000000000000000        0x0 oled.o
 .bss           0x0000000000000000        0x0 oled.o
 .text.OLED_Display_On
                0x0000000000000000       0x48 oled.o
 .text.OLED_Display_Off
                0x0000000000000000       0x48 oled.o
 .text.OLED_Draw
                0x0000000000000000       0xa8 oled.o
 .text.OLED_DrawBMP
                0x0000000000000000      0x10c oled.o
 .eh_frame      0x0000000000000000      0x260 oled.o
 .text          0x0000000000000000        0x0 key.o
 .data          0x0000000000000000        0x0 key.o
 .bss           0x0000000000000000        0x0 key.o
 .text.KEY_init
                0x0000000000000000       0x30 key.o
 .rodata        0x0000000000000000        0x5 key.o
 .text.KEY_Check
                0x0000000000000000       0x44 key.o
 .comment       0x0000000000000000       0x12 key.o
 .eh_frame      0x0000000000000000       0x5c key.o
 COMMON         0x0000000000000000        0x1 key.o
 .text          0x0000000000000000        0x0 mpu6050_iic.o
 .data          0x0000000000000000        0x0 mpu6050_iic.o
 .bss           0x0000000000000000        0x0 mpu6050_iic.o
 .text.MyIIC_Delay
                0x0000000000000000       0x3c mpu6050_iic.o
 .text.MYSDA_IN
                0x0000000000000000       0x30 mpu6050_iic.o
 .text.MySDA_OUT
                0x0000000000000000       0x3c mpu6050_iic.o
 .eh_frame      0x0000000000000000      0x1f0 mpu6050_iic.o
 .text          0x0000000000000000        0x0 max30102_math.o
 .data          0x0000000000000000        0x0 max30102_math.o
 .bss           0x0000000000000000        0x0 max30102_math.o
 .eh_frame      0x0000000000000000       0xf8 max30102_math.o
 .text          0x0000000000000000        0x0 mpu6050.o
 .data          0x0000000000000000        0x0 mpu6050.o
 .bss           0x0000000000000000        0x0 mpu6050.o
 .text.MPU6050_GetID
                0x0000000000000000       0x30 mpu6050.o
 .eh_frame      0x0000000000000000       0xd8 mpu6050.o
 .text          0x0000000000000000        0x0 1c102_main.o
 .data          0x0000000000000000        0x0 1c102_main.o
 .bss           0x0000000000000000        0x0 1c102_main.o
 .data.phonenumber1
                0x0000000000000000        0xc 1c102_main.o
 .eh_frame      0x0000000000000000       0x34 1c102_main.o
 .text          0x0000000000000000        0x0 Max30102_Work.o
 .data          0x0000000000000000        0x0 Max30102_Work.o
 .bss           0x0000000000000000        0x0 Max30102_Work.o
 .bss.an_x      0x0000000000000000      0x258 Max30102_Work.o
 .bss.an_y      0x0000000000000000      0x258 Max30102_Work.o
 .bss.shibai    0x0000000000000000        0x4 Max30102_Work.o
 .bss.hrflag    0x0000000000000000        0x4 Max30102_Work.o
 .data.low_heart_rate
                0x0000000000000000       0x10 Max30102_Work.o
 .data.high_heart_rate
                0x0000000000000000       0x11 Max30102_Work.o
 .data.phonenumber_heart
                0x0000000000000000        0xc Max30102_Work.o
 .bss.flag      0x0000000000000000        0x1 Max30102_Work.o
 .eh_frame      0x0000000000000000       0x88 Max30102_Work.o
 .text          0x0000000000000000        0x0 iicStart.o
 .data          0x0000000000000000        0x0 iicStart.o
 .bss           0x0000000000000000        0x0 iicStart.o
 .text.SDA_INX  0x0000000000000000       0x30 iicStart.o
 .text.SDA_OUTX
                0x0000000000000000       0x3c iicStart.o
 .text.i2c_CheckDevice
                0x0000000000000000       0x78 iicStart.o
 .eh_frame      0x0000000000000000      0x1c0 iicStart.o
 .text          0x0000000000000000        0x0 max30102.o
 .data          0x0000000000000000        0x0 max30102.o
 .bss           0x0000000000000000        0x0 max30102.o
 .eh_frame      0x0000000000000000       0xd8 max30102.o
 .text          0x0000000000000000        0x0 message.o
 .data          0x0000000000000000        0x0 message.o
 .bss           0x0000000000000000        0x0 message.o
 .rodata        0x0000000000000000       0x8f message.o
 .text.sim900a_send_English_message
                0x0000000000000000      0x220 message.o
 .comment       0x0000000000000000       0x12 message.o
 .eh_frame      0x0000000000000000       0x3c message.o
 COMMON         0x0000000000000000       0x32 message.o
 .text          0x0000000000000000        0x0 Fall_check.o
 .data          0x0000000000000000        0x0 Fall_check.o
 .bss           0x0000000000000000        0x0 Fall_check.o
 .eh_frame      0x0000000000000000       0x60 Fall_check.o

Memory Configuration

Name             Origin             Length             Attributes
flash            0x000000001c000000 0x0000000000020000 xr
IRAM             0x0000000080000000 0x0000000000001000 rw
DRAM             0x0000000080001000 0x0000000000001000 rw
*default*        0x0000000000000000 0xffffffffffffffff

Linker script and memory map


.text           0x000000001c000000     0x9e64
                0x000000001c000000                . = ALIGN (0x4)
 *(.text .text.*)
 .text._start   0x000000001c000000     0x1128 start.o
                0x000000001c000000                _start
                0x000000001c0000ac                cpu_wait
                0x000000001c000800                m4_flash_4k
 .text          0x000000001c001128       0xbc serial.o
                0x000000001c001128                serial_out
                0x000000001c001144                outputaddr
                0x000000001c0011a4                outputstring
 .text          0x000000001c0011e4      0x148 wakeup.o
                0x000000001c0011e4                cpu_sleep
                0x000000001c00128c                wakeup_reset
 .text.GPIOInit
                0x000000001c00132c       0x98 UserGpio.o
                0x000000001c00132c                GPIOInit
 .text.bsp_init
                0x000000001c0013c4       0xfc init.o
                0x000000001c0013c4                bsp_init
 .text.AFIO_RemapConfig
                0x000000001c0014c0       0xcc ls1x_gpio.o
                0x000000001c0014c0                AFIO_RemapConfig
 .text.gpio_get_pin
                0x000000001c00158c       0x50 ls1x_gpio.o
                0x000000001c00158c                gpio_get_pin
 .text.gpio_write_pin
                0x000000001c0015dc       0x78 ls1x_gpio.o
                0x000000001c0015dc                gpio_write_pin
 .text.gpio_pin_remap
                0x000000001c001654      0x20c ls1x_gpio.o
                0x000000001c001654                gpio_pin_remap
 .text.gpio_set_direction
                0x000000001c001860      0x128 ls1x_gpio.o
                0x000000001c001860                gpio_set_direction
 .text.myputchar
                0x000000001c001988       0x3c ls1x_printf.o
                0x000000001c001988                myputchar
 .text.printbase
                0x000000001c0019c4      0x160 ls1x_printf.o
                0x000000001c0019c4                printbase
 .text.puts     0x000000001c001b24       0x70 ls1x_printf.o
                0x000000001c001b24                puts
 .text.myprintf
                0x000000001c001b94      0x3a4 ls1x_printf.o
                0x000000001c001b94                myprintf
 .text.vsputs   0x000000001c001f38       0x54 ls1x_printf.o
                0x000000001c001f38                vsputs
 .text.vsputchar
                0x000000001c001f8c       0x44 ls1x_printf.o
                0x000000001c001f8c                vsputchar
 .text.vsprintbase
                0x000000001c001fd0      0x17c ls1x_printf.o
                0x000000001c001fd0                vsprintbase
 .text.vsprintf
                0x000000001c00214c      0x3d8 ls1x_printf.o
                0x000000001c00214c                vsprintf
 .text.sprintf  0x000000001c002524       0x6c ls1x_printf.o
                0x000000001c002524                sprintf
 .text.UART_Init
                0x000000001c002590      0x2fc ls1x_uart.o
                0x000000001c002590                UART_Init
 .text.UART_StructInit
                0x000000001c00288c       0x7c ls1x_uart.o
                0x000000001c00288c                UART_StructInit
 .text.UART_ITConfig
                0x000000001c002908       0x88 ls1x_uart.o
                0x000000001c002908                UART_ITConfig
 .text.UART_SendData
                0x000000001c002990       0x4c ls1x_uart.o
                0x000000001c002990                UART_SendData
 .text.UART_SendString
                0x000000001c0029dc       0x60 ls1x_uart.o
                0x000000001c0029dc                UART_SendString
 .text.UART_ReceiveData
                0x000000001c002a3c       0x4c ls1x_uart.o
                0x000000001c002a3c                UART_ReceiveData
 .text.Uart0_init
                0x000000001c002a88       0xc4 ls1x_uart.o
                0x000000001c002a88                Uart0_init
 .text.Uart1_init
                0x000000001c002b4c       0x84 ls1x_uart.o
                0x000000001c002b4c                Uart1_init
 .text.Uart2_init
                0x000000001c002bd0       0x7c ls1x_uart.o
                0x000000001c002bd0                Uart2_init
 .text.CLOCK_WaitForHSEStartUp
                0x000000001c002c4c       0x9c ls1x_clock.o
                0x000000001c002c4c                CLOCK_WaitForHSEStartUp
 .text.CLOCK_WaitForLSEStartUp
                0x000000001c002ce8       0xe4 ls1x_clock.o
                0x000000001c002ce8                CLOCK_WaitForLSEStartUp
 .text.CLOCK_HSEConfig
                0x000000001c002dcc       0xb4 ls1x_clock.o
                0x000000001c002dcc                CLOCK_HSEConfig
 .text.CLOCK_LSEConfig
                0x000000001c002e80       0x68 ls1x_clock.o
                0x000000001c002e80                CLOCK_LSEConfig
 .text.CLOCK_StructInit
                0x000000001c002ee8       0x64 ls1x_clock.o
                0x000000001c002ee8                CLOCK_StructInit
 .text.CLOCK_Init
                0x000000001c002f4c      0x23c ls1x_clock.o
                0x000000001c002f4c                CLOCK_Init
 .text.SystemClockInit
                0x000000001c003188       0x98 ls1x_clock.o
                0x000000001c003188                SystemClockInit
 .text.DisableInt
                0x000000001c003220       0x24 ls1x_common.o
                0x000000001c003220                DisableInt
 .text.EnableInt
                0x000000001c003244       0x24 ls1x_common.o
                0x000000001c003244                EnableInt
 .text.Set_Timer_stop
                0x000000001c003268       0x20 ls1x_common.o
                0x000000001c003268                Set_Timer_stop
 .text.Set_Timer_clear
                0x000000001c003288       0x24 ls1x_common.o
                0x000000001c003288                Set_Timer_clear
 .text.Wake_Set
                0x000000001c0032ac       0xac ls1x_common.o
                0x000000001c0032ac                Wake_Set
 .text.PMU_GetRstRrc
                0x000000001c003358       0x6c ls1x_pmu.o
                0x000000001c003358                PMU_GetRstRrc
 .text.PMU_GetBootSpiStatus
                0x000000001c0033c4       0x50 ls1x_pmu.o
                0x000000001c0033c4                PMU_GetBootSpiStatus
 .text.ls1x_logo
                0x000000001c003414       0x9c ls1x_logo.o
                0x000000001c003414                ls1x_logo
 .text.get_count
                0x000000001c0034b0       0x2c ls1x_latimer.o
                0x000000001c0034b0                get_count
 .text.open_count
                0x000000001c0034dc       0x24 ls1x_latimer.o
                0x000000001c0034dc                open_count
 .text.start_count
                0x000000001c003500       0x48 ls1x_latimer.o
                0x000000001c003500                start_count
 .text.stop_count
                0x000000001c003548       0x88 ls1x_latimer.o
                0x000000001c003548                stop_count
 .text.delay_cycle
                0x000000001c0035d0       0x60 ls1x_latimer.o
                0x000000001c0035d0                delay_cycle
 .text.delay_us
                0x000000001c003630       0x38 ls1x_latimer.o
                0x000000001c003630                delay_us
 .text.delay_ms
                0x000000001c003668       0x40 ls1x_latimer.o
                0x000000001c003668                delay_ms
 .text.delay_s  0x000000001c0036a8       0x3c ls1x_latimer.o
                0x000000001c0036a8                delay_s
 .text.memset   0x000000001c0036e4       0x60 ls1x_string.o
                0x000000001c0036e4                memset
 .text.strcpy   0x000000001c003744       0x5c ls1x_string.o
                0x000000001c003744                strcpy
 .text.strlen   0x000000001c0037a0       0x4c ls1x_string.o
                0x000000001c0037a0                strlen
 .text.EXTI_ClearITPendingBit
                0x000000001c0037ec       0x3c ls1x_exti.o
                0x000000001c0037ec                EXTI_ClearITPendingBit
 .text.WDG_getOddValue
                0x000000001c003828       0x88 ls1x_wdg.o
 .text.WDG_SetWatchDog
                0x000000001c0038b0       0x8c ls1x_wdg.o
                0x000000001c0038b0                WDG_SetWatchDog
 .text.WDG_DogFeed
                0x000000001c00393c       0x2c ls1x_wdg.o
                0x000000001c00393c                WDG_DogFeed
 .text.WdgInit  0x000000001c003968       0x30 ls1x_wdg.o
                0x000000001c003968                WdgInit
 .text.TOUCH_GetBaseVal
                0x000000001c003998       0x4c ls1c102_touch.o
                0x000000001c003998                TOUCH_GetBaseVal
 .text.TOUCH_GetCountValue
                0x000000001c0039e4       0x4c ls1c102_touch.o
                0x000000001c0039e4                TOUCH_GetCountValue
 .text.Printf_KeyChannel
                0x000000001c003a30       0x7c ls1c102_touch.o
                0x000000001c003a30                Printf_KeyChannel
 .text.Printf_KeyType
                0x000000001c003aac       0x8c ls1c102_touch.o
                0x000000001c003aac                Printf_KeyType
 .text.Printf_KeyVal
                0x000000001c003b38      0x254 ls1c102_touch.o
                0x000000001c003b38                Printf_KeyVal
 .text.TIM_Init
                0x000000001c003d8c       0xd8 ls1c102_ptimer.o
                0x000000001c003d8c                TIM_Init
 .text.TIM_StructInit
                0x000000001c003e64       0x7c ls1c102_ptimer.o
                0x000000001c003e64                TIM_StructInit
 .text.timer_init
                0x000000001c003ee0       0x54 ls1c102_ptimer.o
                0x000000001c003ee0                timer_init
 .text.TIM_GetITStatus
                0x000000001c003f34       0x4c ls1c102_ptimer.o
                0x000000001c003f34                TIM_GetITStatus
 .text.TIM_ClearIT
                0x000000001c003f80       0x5c ls1c102_ptimer.o
                0x000000001c003f80                TIM_ClearIT
 .text.exti_gpioa0_irq_handler
                0x000000001c003fdc       0x4c 1c102_Interrupt.o
                0x000000001c003fdc                exti_gpioa0_irq_handler
 .text.exti_gpioa1_irq_handler
                0x000000001c004028       0x4c 1c102_Interrupt.o
                0x000000001c004028                exti_gpioa1_irq_handler
 .text.exti_gpioa2_irq_handler
                0x000000001c004074       0x4c 1c102_Interrupt.o
                0x000000001c004074                exti_gpioa2_irq_handler
 .text.exti_gpioa3_irq_handler
                0x000000001c0040c0       0x4c 1c102_Interrupt.o
                0x000000001c0040c0                exti_gpioa3_irq_handler
 .text.exti_gpioa4_irq_handler
                0x000000001c00410c       0x4c 1c102_Interrupt.o
                0x000000001c00410c                exti_gpioa4_irq_handler
 .text.exti_gpioa5_irq_handler
                0x000000001c004158       0x4c 1c102_Interrupt.o
                0x000000001c004158                exti_gpioa5_irq_handler
 .text.exti_gpioa6_irq_handler
                0x000000001c0041a4       0x4c 1c102_Interrupt.o
                0x000000001c0041a4                exti_gpioa6_irq_handler
 .text.exti_gpioa7_irq_handler
                0x000000001c0041f0       0x4c 1c102_Interrupt.o
                0x000000001c0041f0                exti_gpioa7_irq_handler
 .text.exti_gpiob0_irq_handler
                0x000000001c00423c       0x4c 1c102_Interrupt.o
                0x000000001c00423c                exti_gpiob0_irq_handler
 .text.exti_gpiob1_irq_handler
                0x000000001c004288       0x4c 1c102_Interrupt.o
                0x000000001c004288                exti_gpiob1_irq_handler
 .text.exti_gpiob2_irq_handler
                0x000000001c0042d4       0x4c 1c102_Interrupt.o
                0x000000001c0042d4                exti_gpiob2_irq_handler
 .text.exti_gpiob3_irq_handler
                0x000000001c004320       0x4c 1c102_Interrupt.o
                0x000000001c004320                exti_gpiob3_irq_handler
 .text.exti_gpiob4_irq_handler
                0x000000001c00436c       0x4c 1c102_Interrupt.o
                0x000000001c00436c                exti_gpiob4_irq_handler
 .text.exti_gpiob5_irq_handler
                0x000000001c0043b8       0x4c 1c102_Interrupt.o
                0x000000001c0043b8                exti_gpiob5_irq_handler
 .text.exti_gpiob6_irq_handler
                0x000000001c004404       0x4c 1c102_Interrupt.o
                0x000000001c004404                exti_gpiob6_irq_handler
 .text.exti_gpiob7_irq_handler
                0x000000001c004450       0x4c 1c102_Interrupt.o
                0x000000001c004450                exti_gpiob7_irq_handler
 .text.exti_gpioc0_irq_handler
                0x000000001c00449c       0x4c 1c102_Interrupt.o
                0x000000001c00449c                exti_gpioc0_irq_handler
 .text.exti_gpioc1_irq_handler
                0x000000001c0044e8       0x4c 1c102_Interrupt.o
                0x000000001c0044e8                exti_gpioc1_irq_handler
 .text.exti_gpioc2_irq_handler
                0x000000001c004534       0x4c 1c102_Interrupt.o
                0x000000001c004534                exti_gpioc2_irq_handler
 .text.exti_gpioc3_irq_handler
                0x000000001c004580       0x4c 1c102_Interrupt.o
                0x000000001c004580                exti_gpioc3_irq_handler
 .text.exti_gpioc4_irq_handler
                0x000000001c0045cc       0x4c 1c102_Interrupt.o
                0x000000001c0045cc                exti_gpioc4_irq_handler
 .text.exti_gpioc5_irq_handler
                0x000000001c004618       0x4c 1c102_Interrupt.o
                0x000000001c004618                exti_gpioc5_irq_handler
 .text.exti_gpioc6_irq_handler
                0x000000001c004664       0x4c 1c102_Interrupt.o
                0x000000001c004664                exti_gpioc6_irq_handler
 .text.exti_gpioc7_irq_handler
                0x000000001c0046b0       0x4c 1c102_Interrupt.o
                0x000000001c0046b0                exti_gpioc7_irq_handler
 .text.exti_gpiod0_irq_handler
                0x000000001c0046fc       0x4c 1c102_Interrupt.o
                0x000000001c0046fc                exti_gpiod0_irq_handler
 .text.exti_gpiod1_irq_handler
                0x000000001c004748       0x4c 1c102_Interrupt.o
                0x000000001c004748                exti_gpiod1_irq_handler
 .text.exti_gpiod2_irq_handler
                0x000000001c004794       0x4c 1c102_Interrupt.o
                0x000000001c004794                exti_gpiod2_irq_handler
 .text.exti_gpiod3_irq_handler
                0x000000001c0047e0       0x4c 1c102_Interrupt.o
                0x000000001c0047e0                exti_gpiod3_irq_handler
 .text.exti_gpiod4_irq_handler
                0x000000001c00482c       0x4c 1c102_Interrupt.o
                0x000000001c00482c                exti_gpiod4_irq_handler
 .text.exti_gpiod5_irq_handler
                0x000000001c004878       0x4c 1c102_Interrupt.o
                0x000000001c004878                exti_gpiod5_irq_handler
 .text.exti_gpiod6_irq_handler
                0x000000001c0048c4       0x4c 1c102_Interrupt.o
                0x000000001c0048c4                exti_gpiod6_irq_handler
 .text.exti_gpiod7_irq_handler
                0x000000001c004910       0x4c 1c102_Interrupt.o
                0x000000001c004910                exti_gpiod7_irq_handler
 .text.ext_handler
                0x000000001c00495c       0xb8 1c102_Interrupt.o
                0x000000001c00495c                ext_handler
 .text.TIMER_WAKE_INT
                0x000000001c004a14       0x50 1c102_Interrupt.o
                0x000000001c004a14                TIMER_WAKE_INT
 .text.TOUCH    0x000000001c004a64       0x94 1c102_Interrupt.o
                0x000000001c004a64                TOUCH
 .text.UART2_INT
                0x000000001c004af8       0x3c 1c102_Interrupt.o
                0x000000001c004af8                UART2_INT
 .text.BAT_FAIL
                0x000000001c004b34       0xd8 1c102_Interrupt.o
                0x000000001c004b34                BAT_FAIL
 .text.intc_handler
                0x000000001c004c0c      0x144 1c102_Interrupt.o
                0x000000001c004c0c                intc_handler
 .text.TIMER_HANDLER
                0x000000001c004d50       0x38 1c102_Interrupt.o
                0x000000001c004d50                TIMER_HANDLER
 .text.IIC_Delay
                0x000000001c004d88       0x3c iic.o
                0x000000001c004d88                IIC_Delay
 .text.IIC_Init
                0x000000001c004dc4       0x6c iic.o
                0x000000001c004dc4                IIC_Init
 .text.SDA_IN   0x000000001c004e30       0x30 iic.o
                0x000000001c004e30                SDA_IN
 .text.SDA_OUT  0x000000001c004e60       0x3c iic.o
                0x000000001c004e60                SDA_OUT
 .text.IIC_Start
                0x000000001c004e9c       0x60 iic.o
                0x000000001c004e9c                IIC_Start
 .text.IIC_Stop
                0x000000001c004efc       0x60 iic.o
                0x000000001c004efc                IIC_Stop
 .text.IIC_Wait_Ack
                0x000000001c004f5c       0x94 iic.o
                0x000000001c004f5c                IIC_Wait_Ack
 .text.IIC_Send_Byte
                0x000000001c004ff0       0xac iic.o
                0x000000001c004ff0                IIC_Send_Byte
 .text.my_strstr
                0x000000001c00509c       0xd0 location.o
                0x000000001c00509c                my_strstr
 .text.my_strchr
                0x000000001c00516c       0x7c location.o
                0x000000001c00516c                my_strchr
 .text.processLocationData
                0x000000001c0051e8      0x2a4 location.o
                0x000000001c0051e8                processLocationData
 .text.M780E_send_location_message
                0x000000001c00548c      0x2a0 location.o
                0x000000001c00548c                M780E_send_location_message
 .text.OLED_Hardware_Init
                0x000000001c00572c       0x28 oled.o
                0x000000001c00572c                OLED_Hardware_Init
 .text.OLED_WR_Byte
                0x000000001c005754       0x6c oled.o
                0x000000001c005754                OLED_WR_Byte
 .text.OLED_Set_Pos
                0x000000001c0057c0       0x88 oled.o
                0x000000001c0057c0                OLED_Set_Pos
 .text.OLED_Clear
                0x000000001c005848       0x9c oled.o
                0x000000001c005848                OLED_Clear
 .text.OLED_Init
                0x000000001c0058e4      0x1c4 oled.o
                0x000000001c0058e4                OLED_Init
 .text.OLED_ShowChar
                0x000000001c005aa8      0x128 oled.o
                0x000000001c005aa8                OLED_ShowChar
 .text.OLED_ShowString
                0x000000001c005bd0      0x12c oled.o
                0x000000001c005bd0                OLED_ShowString
 .text.OLED_ShowInt32Num
                0x000000001c005cfc      0x130 oled.o
                0x000000001c005cfc                OLED_ShowInt32Num
 .text.OLED_DrawFont16
                0x000000001c005e2c      0x19c oled.o
                0x000000001c005e2c                OLED_DrawFont16
 .text.OLED_DrawFont32
                0x000000001c005fc8      0x1a8 oled.o
                0x000000001c005fc8                OLED_DrawFont32
 .text.OLED_Show_Str
                0x000000001c006170      0x270 oled.o
                0x000000001c006170                OLED_Show_Str
 .text.MyI2C_W_SCL
                0x000000001c0063e0       0x44 mpu6050_iic.o
                0x000000001c0063e0                MyI2C_W_SCL
 .text.MyI2C_W_SDA
                0x000000001c006424       0x44 mpu6050_iic.o
                0x000000001c006424                MyI2C_W_SDA
 .text.MyI2C_R_SDA
                0x000000001c006468       0x40 mpu6050_iic.o
                0x000000001c006468                MyI2C_R_SDA
 .text.MyI2C_Init
                0x000000001c0064a8       0x6c mpu6050_iic.o
                0x000000001c0064a8                MyI2C_Init
 .text.MyI2C_Start
                0x000000001c006514       0x44 mpu6050_iic.o
                0x000000001c006514                MyI2C_Start
 .text.MyI2C_Stop
                0x000000001c006558       0x44 mpu6050_iic.o
                0x000000001c006558                MyI2C_Stop
 .text.MyI2C_SendByte
                0x000000001c00659c       0x80 mpu6050_iic.o
                0x000000001c00659c                MyI2C_SendByte
 .text.MyI2C_ReceiveByte
                0x000000001c00661c       0x90 mpu6050_iic.o
                0x000000001c00661c                MyI2C_ReceiveByte
 .text.MyI2C_SendAck
                0x000000001c0066ac       0x48 mpu6050_iic.o
                0x000000001c0066ac                MyI2C_SendAck
 .text.MyI2C_ReceiveAck
                0x000000001c0066f4       0x4c mpu6050_iic.o
                0x000000001c0066f4                MyI2C_ReceiveAck
 .text.maxim_heart_rate_and_oxygen_saturation
                0x000000001c006740      0x950 max30102_math.o
                0x000000001c006740                maxim_heart_rate_and_oxygen_saturation
 .text.maxim_find_peaks
                0x000000001c007090       0x94 max30102_math.o
                0x000000001c007090                maxim_find_peaks
 .text.maxim_peaks_above_min_height
                0x000000001c007124      0x1d0 max30102_math.o
                0x000000001c007124                maxim_peaks_above_min_height
 .text.maxim_remove_close_peaks
                0x000000001c0072f4      0x164 max30102_math.o
                0x000000001c0072f4                maxim_remove_close_peaks
 .text.maxim_sort_ascend
                0x000000001c007458       0xf4 max30102_math.o
                0x000000001c007458                maxim_sort_ascend
 .text.maxim_sort_indices_descend
                0x000000001c00754c      0x118 max30102_math.o
                0x000000001c00754c                maxim_sort_indices_descend
 .text.MPU6050_WriteReg
                0x000000001c007664       0x6c mpu6050.o
                0x000000001c007664                MPU6050_WriteReg
 .text.MPU6050_ReadReg
                0x000000001c0076d0       0x78 mpu6050.o
                0x000000001c0076d0                MPU6050_ReadReg
 .text.MPU6050_Init
                0x000000001c007748       0x70 mpu6050.o
                0x000000001c007748                MPU6050_Init
 .text.MPU6050_GetData
                0x000000001c0077b8      0x1d4 mpu6050.o
                0x000000001c0077b8                MPU6050_GetData
 .text.main     0x000000001c00798c       0x6c 1c102_main.o
                0x000000001c00798c                main
 .text.Max30102chushi
                0x000000001c0079f8      0x204 Max30102_Work.o
                0x000000001c0079f8                Max30102chushi
 .text.Max30102_Work
                0x000000001c007bfc       0x30 Max30102_Work.o
                0x000000001c007bfc                Max30102_Work
 .text.Gain_Hr_Spo
                0x000000001c007c2c     0x14f4 Max30102_Work.o
                0x000000001c007c2c                Gain_Hr_Spo
 .text.bsp_InitI2C
                0x000000001c009120       0x6c iicStart.o
                0x000000001c009120                bsp_InitI2C
 .text.i2c_Start
                0x000000001c00918c       0x6c iicStart.o
                0x000000001c00918c                i2c_Start
 .text.i2c_Stop
                0x000000001c0091f8       0x58 iicStart.o
                0x000000001c0091f8                i2c_Stop
 .text.i2c_SendByte
                0x000000001c009250       0xc4 iicStart.o
                0x000000001c009250                i2c_SendByte
 .text.i2c_ReadByte
                0x000000001c009314       0x9c iicStart.o
                0x000000001c009314                i2c_ReadByte
 .text.i2c_WaitAck
                0x000000001c0093b0       0x74 iicStart.o
                0x000000001c0093b0                i2c_WaitAck
 .text.i2c_Ack  0x000000001c009424       0x6c iicStart.o
                0x000000001c009424                i2c_Ack
 .text.i2c_NAck
                0x000000001c009490       0x60 iicStart.o
                0x000000001c009490                i2c_NAck
 .text.maxim_max30102_write_reg
                0x000000001c0094f0       0xa8 max30102.o
                0x000000001c0094f0                maxim_max30102_write_reg
 .text.maxim_max30102_read_reg
                0x000000001c009598       0xb8 max30102.o
                0x000000001c009598                maxim_max30102_read_reg
 .text.maxim_max30102_init
                0x000000001c009650      0x15c max30102.o
                0x000000001c009650                maxim_max30102_init
 .text.maxim_max30102_read_fifo
                0x000000001c0097ac      0x220 max30102.o
                0x000000001c0097ac                maxim_max30102_read_fifo
 .text.maxim_max30102_reset
                0x000000001c0099cc       0x44 max30102.o
                0x000000001c0099cc                maxim_max30102_reset
 .text.my_sqrt  0x000000001c009a10       0x78 Fall_check.o
                0x000000001c009a10                my_sqrt
 .text.Fall_check
                0x000000001c009a88      0x3dc Fall_check.o
                0x000000001c009a88                Fall_check
                0x000000001c009e64                . = ALIGN (0x4)
                0x000000001c009e64                _etext = .

.rodata         0x000000001c009e80     0x1eb4
                0x000000001c009e80                . = ALIGN (0x4)
 *(.rodata .rodata.*)
 .rodata        0x000000001c009e80       0x1a serial.o
                0x000000001c009e80                msg_wakeup
 *fill*         0x000000001c009e9a        0x2 
 .rodata        0x000000001c009e9c       0x38 init.o
 .rodata.myprintf
                0x000000001c009ed4      0x150 ls1x_printf.o
 .rodata.vsprintf
                0x000000001c00a024      0x150 ls1x_printf.o
 .rodata        0x000000001c00a174      0x387 ls1x_logo.o
 *fill*         0x000000001c00a4fb        0x1 
 .rodata        0x000000001c00a4fc       0x8d ls1c102_touch.o
 *fill*         0x000000001c00a589        0x3 
 .rodata        0x000000001c00a58c       0xbb 1c102_Interrupt.o
 *fill*         0x000000001c00a647        0x1 
 .rodata.Ext_IrqHandle
                0x000000001c00a648       0x80 1c102_Interrupt.o
                0x000000001c00a648                Ext_IrqHandle
 .rodata.BAT_FAIL
                0x000000001c00a6c8       0x44 1c102_Interrupt.o
 .rodata.__FUNCTION__.1874
                0x000000001c00a70c       0x18 1c102_Interrupt.o
 .rodata.__FUNCTION__.1878
                0x000000001c00a724       0x18 1c102_Interrupt.o
 .rodata.__FUNCTION__.1882
                0x000000001c00a73c       0x18 1c102_Interrupt.o
 .rodata.__FUNCTION__.1886
                0x000000001c00a754       0x18 1c102_Interrupt.o
 .rodata.__FUNCTION__.1890
                0x000000001c00a76c       0x18 1c102_Interrupt.o
 .rodata.__FUNCTION__.1894
                0x000000001c00a784       0x18 1c102_Interrupt.o
 .rodata.__FUNCTION__.1898
                0x000000001c00a79c       0x18 1c102_Interrupt.o
 .rodata.__FUNCTION__.1902
                0x000000001c00a7b4       0x18 1c102_Interrupt.o
 .rodata.__FUNCTION__.1906
                0x000000001c00a7cc       0x18 1c102_Interrupt.o
 .rodata.__FUNCTION__.1910
                0x000000001c00a7e4       0x18 1c102_Interrupt.o
 .rodata.__FUNCTION__.1914
                0x000000001c00a7fc       0x18 1c102_Interrupt.o
 .rodata.__FUNCTION__.1918
                0x000000001c00a814       0x18 1c102_Interrupt.o
 .rodata.__FUNCTION__.1922
                0x000000001c00a82c       0x18 1c102_Interrupt.o
 .rodata.__FUNCTION__.1926
                0x000000001c00a844       0x18 1c102_Interrupt.o
 .rodata.__FUNCTION__.1930
                0x000000001c00a85c       0x18 1c102_Interrupt.o
 .rodata.__FUNCTION__.1934
                0x000000001c00a874       0x18 1c102_Interrupt.o
 .rodata.__FUNCTION__.1938
                0x000000001c00a88c       0x18 1c102_Interrupt.o
 .rodata.__FUNCTION__.1942
                0x000000001c00a8a4       0x18 1c102_Interrupt.o
 .rodata.__FUNCTION__.1946
                0x000000001c00a8bc       0x18 1c102_Interrupt.o
 .rodata.__FUNCTION__.1950
                0x000000001c00a8d4       0x18 1c102_Interrupt.o
 .rodata.__FUNCTION__.1954
                0x000000001c00a8ec       0x18 1c102_Interrupt.o
 .rodata.__FUNCTION__.1958
                0x000000001c00a904       0x18 1c102_Interrupt.o
 .rodata.__FUNCTION__.1962
                0x000000001c00a91c       0x18 1c102_Interrupt.o
 .rodata.__FUNCTION__.1966
                0x000000001c00a934       0x18 1c102_Interrupt.o
 .rodata.__FUNCTION__.1970
                0x000000001c00a94c       0x18 1c102_Interrupt.o
 .rodata.__FUNCTION__.1974
                0x000000001c00a964       0x18 1c102_Interrupt.o
 .rodata.__FUNCTION__.1978
                0x000000001c00a97c       0x18 1c102_Interrupt.o
 .rodata.__FUNCTION__.1982
                0x000000001c00a994       0x18 1c102_Interrupt.o
 .rodata.__FUNCTION__.1986
                0x000000001c00a9ac       0x18 1c102_Interrupt.o
 .rodata.__FUNCTION__.1990
                0x000000001c00a9c4       0x18 1c102_Interrupt.o
 .rodata.__FUNCTION__.1994
                0x000000001c00a9dc       0x18 1c102_Interrupt.o
 .rodata.__FUNCTION__.1998
                0x000000001c00a9f4       0x18 1c102_Interrupt.o
 .rodata        0x000000001c00aa0c       0xca location.o
 *fill*         0x000000001c00aad6        0x2 
 .rodata.asc2_1608
                0x000000001c00aad8      0x5f0 oled.o
                0x000000001c00aad8                asc2_1608
 .rodata.tfont16
                0x000000001c00b0c8      0x118 oled.o
                0x000000001c00b0c8                tfont16
 .rodata.tfont32
                0x000000001c00b1e0      0xa3c oled.o
                0x000000001c00b1e0                tfont32
 .rodata        0x000000001c00bc1c        0x6 oled.o
 *fill*         0x000000001c00bc22        0x2 
 .rodata.uch_spo2_table
                0x000000001c00bc24       0xb8 max30102_math.o
                0x000000001c00bc24                uch_spo2_table
 .rodata        0x000000001c00bcdc       0x42 Max30102_Work.o
 *fill*         0x000000001c00bd1e        0x2 
 .rodata        0x000000001c00bd20       0x12 Fall_check.o
                0x000000001c00bd34                . = ALIGN (0x4)
 *fill*         0x000000001c00bd32        0x2 
                0x000000001c00bd34                _sidata = ALIGN (., 0x4)
                0x000000001c00bd34                . = ALIGN (0x4)

.rela.dyn       0x000000001c00bd34        0x0
 .rela.got      0x000000001c00bd34        0x0 start.o
 .rela.rodata.myprintf
                0x000000001c00bd34        0x0 start.o
 .rela.rodata.vsprintf
                0x000000001c00bd34        0x0 start.o
 .rela.rodata.Ext_IrqHandle
                0x000000001c00bd34        0x0 start.o
 .rela.rodata.BAT_FAIL
                0x000000001c00bd34        0x0 start.o

.data           0x0000000080001000       0xc0 load address 0x000000001c00bd34
                0x0000000080001000                _sdata = .
                0x0000000080001000                . = ALIGN (0x4)
 *(.got.plt)
 .got.plt       0x0000000080001000        0x0 start.o
                0x0000000080001000                . = ALIGN (0x4)
 *(.got)
 .got           0x0000000080001000       0xb4 start.o
                0x0000000080001000                _GLOBAL_OFFSET_TABLE_
                0x00000000800010b4                . = ALIGN (0x4)
 *(.data .data.*)
 .data.g_SystemFreq
                0x00000000800010b4        0x4 ls1x_clock.o
                0x00000000800010b4                g_SystemFreq
 .data.n_ir_buffer_length
                0x00000000800010b8        0x4 Max30102_Work.o
                0x00000000800010b8                n_ir_buffer_length
 .data.un_min   0x00000000800010bc        0x4 Max30102_Work.o
                0x00000000800010bc                un_min
                0x00000000800010c0                . = ALIGN (0x4)
                0x00000000800010c0                _edata = .

.bss            0x0000000080000000      0xde8
                0x0000000080000000                _sbss = .
                0x0000000080000000                . = ALIGN (0x4)
 *(.sbss)
                0x0000000080000000                . = ALIGN (0x4)
 *(.bss .bss.*)
 .bss.receive_Data.2052
                0x0000000080000000        0x1 1c102_Interrupt.o
 *fill*         0x0000000080000001        0x3 
 .bss.an_x      0x0000000080000004      0x258 max30102_math.o
 .bss.an_y      0x000000008000025c      0x258 max30102_math.o
 .bss.un_max    0x00000000800004b4        0x4 Max30102_Work.o
                0x00000000800004b4                un_max
 .bss.hrTimeout
                0x00000000800004b8        0x4 Max30102_Work.o
                0x00000000800004b8                hrTimeout
 .bss.hrValidCnt
                0x00000000800004bc        0x4 Max30102_Work.o
                0x00000000800004bc                hrValidCnt
 .bss.hrThrowOutSamp
                0x00000000800004c0        0x4 Max30102_Work.o
                0x00000000800004c0                hrThrowOutSamp
 .bss.spo2Timeout
                0x00000000800004c4        0x4 Max30102_Work.o
                0x00000000800004c4                spo2Timeout
 .bss.spo2ValidCnt
                0x00000000800004c8        0x4 Max30102_Work.o
                0x00000000800004c8                spo2ValidCnt
 .bss.spo2ThrowOutSamp
                0x00000000800004cc        0x4 Max30102_Work.o
                0x00000000800004cc                spo2ThrowOutSamp
                0x00000000800004d0                . = ALIGN (0x4)
 *(.scommon)
                0x00000000800004d0                . = ALIGN (0x4)
 *(COMMON)
 COMMON         0x00000000800004d0       0x14 1c102_main.o
                0x00000000800004d0                temp2
                0x00000000800004d2                res2
                0x00000000800004d4                GY
                0x00000000800004d6                res1
                0x00000000800004d8                AY
                0x00000000800004da                GZ
                0x00000000800004dc                temp1
                0x00000000800004de                AZ
                0x00000000800004e0                GX
                0x00000000800004e2                AX
 COMMON         0x00000000800004e4      0x900 Max30102_Work.o
                0x00000000800004e4                hrAvg
                0x00000000800004e8                manle
                0x00000000800004ec                j
                0x00000000800004f0                x
                0x00000000800004f4                f_temp
                0x00000000800004f8                spo2Avg_arg1
                0x0000000080000570                str4
                0x0000000080000764                str3
                0x0000000080000798                hrAvg_arg1
                0x0000000080000810                k
                0x0000000080000814                spo2_buf
                0x0000000080000854                temp
                0x0000000080000858                aun_ir_buffer
                0x0000000080000ab0                un_brightness
                0x0000000080000ab4                hrSum
                0x0000000080000ab8                n_spo2
                0x0000000080000abc                hr_buf
                0x0000000080000afc                aun_red_buffer
                0x0000000080000d54                i
                0x0000000080000d58                n_heart_rate
                0x0000000080000d5c                spo2BuffFilled
                0x0000000080000d60                hrBuffFilled
                0x0000000080000d64                str1
                0x0000000080000d98                spo2Sum
                0x0000000080000d9c                data
                0x0000000080000d9d                ch_spo2_valid
                0x0000000080000da0                y
                0x0000000080000da4                un_prev_data
                0x0000000080000da8                ch_hr_valid
                0x0000000080000da9                uch_dummy
                0x0000000080000dac                str2
                0x0000000080000de0                spo2Avg
 COMMON         0x0000000080000de4        0x4 Fall_check.o
                0x0000000080000de4                fallflag
                0x0000000080000de8                . = ALIGN (0x4)
                0x0000000080000de8                _ebss = .
LOAD start.o
LOAD serial.o
LOAD wakeup.o
LOAD UserGpio.o
LOAD init.o
LOAD ls1x_gpio.o
LOAD ls1x_spi.o
LOAD ls1x_printf.o
LOAD ls1x_uart.o
LOAD ls1x_clock.o
LOAD ls1x_common.o
LOAD ls1x_pmu.o
LOAD ls1x_logo.o
LOAD ls1x_latimer.o
LOAD ls1x_string.o
LOAD ls1x_flash.o
LOAD ls1x_rtc.o
LOAD ls1x_exti.o
LOAD ls1x_wdg.o
LOAD ls1c102_i2c.o
LOAD ls1c102_vpwm.o
LOAD ls1c102_adc.o
LOAD ls1c102_touch.o
LOAD ls1c102_ptimer.o
LOAD 1c102_cmdline.o
LOAD 1c102_cmd.o
LOAD 1c102_Interrupt.o
LOAD iic.o
LOAD location.o
LOAD oled.o
LOAD key.o
LOAD mpu6050_iic.o
LOAD max30102_math.o
LOAD mpu6050.o
LOAD 1c102_main.o
LOAD Max30102_Work.o
LOAD iicStart.o
LOAD max30102.o
LOAD message.o
LOAD Fall_check.o
OUTPUT(1c102_demo.elf elf32-loongarch)

.comment        0x0000000000000000       0x11
 .comment       0x0000000000000000       0x11 UserGpio.o
                                         0x12 (size before relaxing)
 .comment       0x0000000000000011       0x12 init.o
 .comment       0x0000000000000011       0x12 ls1x_gpio.o
 .comment       0x0000000000000011       0x12 ls1x_printf.o
 .comment       0x0000000000000011       0x12 ls1x_uart.o
 .comment       0x0000000000000011       0x12 ls1x_clock.o
 .comment       0x0000000000000011       0x12 ls1x_common.o
 .comment       0x0000000000000011       0x12 ls1x_pmu.o
 .comment       0x0000000000000011       0x12 ls1x_logo.o
 .comment       0x0000000000000011       0x12 ls1x_latimer.o
 .comment       0x0000000000000011       0x12 ls1x_string.o
 .comment       0x0000000000000011       0x12 ls1x_exti.o
 .comment       0x0000000000000011       0x12 ls1x_wdg.o
 .comment       0x0000000000000011       0x12 ls1c102_touch.o
 .comment       0x0000000000000011       0x12 ls1c102_ptimer.o
 .comment       0x0000000000000011       0x12 1c102_Interrupt.o
 .comment       0x0000000000000011       0x12 iic.o
 .comment       0x0000000000000011       0x12 location.o
 .comment       0x0000000000000011       0x12 oled.o
 .comment       0x0000000000000011       0x12 mpu6050_iic.o
 .comment       0x0000000000000011       0x12 max30102_math.o
 .comment       0x0000000000000011       0x12 mpu6050.o
 .comment       0x0000000000000011       0x12 1c102_main.o
 .comment       0x0000000000000011       0x12 Max30102_Work.o
 .comment       0x0000000000000011       0x12 iicStart.o
 .comment       0x0000000000000011       0x12 max30102.o
 .comment       0x0000000000000011       0x12 Fall_check.o
